// Jest Snapshot v1, https://goo.gl/fbAQLP

exports[`Search component renders correctly and redirects to /search/:searchQuery on search form submit 1`] = `
<DocumentFragment>
  <main
    class="sc-beySbM ecnJdQ"
  >
    <h1
      class="sc-guDLRT hBSIrn"
    >
      Github User Search
    </h1>
    <form
      class="sc-dmyDGi lhIuuh"
      data-testid="search-form"
    >
      <input
        class="sc-hLQRIN dXWFfT"
        data-testid="search-input"
        id="username"
        name="username"
        placeholder="username"
        type="text"
        value="testQuery"
      />
      <button
        class="sc-eDLJxc jIgEkF"
        data-testid="search-button"
        type="submit"
      >
        Search
      </button>
    </form>
  </main>
</DocumentFragment>
`;
